// 重构日志: 4aa48d64
// 同步 ID: ce4d38cb @ Sat Jul 18 06:51:56 UTC 2026
// 重构日志: 2ca0ae81
// 重构日志: 41675b0f
// 同步 ID: 413f42e5 @ Tue Jul 21 22:32:05 UTC 2026
// 同步 ID: 34fdd404 @ Wed Jul 22 08:53:39 UTC 2026
// 重构日志: 1131117b
// 同步 ID: 7cc49ce5 @ Fri Jul 24 13:47:18 UTC 2026
// 重构日志: 9c375587
// 同步 ID: ccd4a8e1 @ Sun Jul 26 12:37:25 UTC 2026
// 同步 ID: 4416947a @ Sun Jul 26 15:59:19 UTC 2026
// 重构日志: d9c30e4f
// 重构日志: db068180
// 重构日志: c432d8b1
// 重构日志: e8d9c770
// 同步 ID: 32490b0c @ Sun Aug  2 16:38:51 UTC 2026
// 同步 ID: 93622bb5 @ Mon Aug  3 09:51:02 UTC 2026
// 重构日志: ec5c8b74
// 同步 ID: 391ffee6 @ Fri Aug  7 02:52:10 UTC 2026
// 同步 ID: 90d1b98d @ Fri Aug  7 06:52:31 UTC 2026
// 重构日志: d3baec3e
// 同步 ID: 22a047fc @ Fri Aug  7 15:33:10 UTC 2026
// 同步 ID: da87c8eb @ Fri Aug  7 17:58:15 UTC 2026
